---
source: zellij-server/src/tab/./unit/tab_integration_tests.rs
expression: snapshot
---
00 (C): 
01 (C):                                                                                                                          
02 (C):                                                                                                                          
03 (C):                                                                                                                          
04 (C):                                                                                                                          
05 (C):                                                                                                                          
06 (C):                                                                                                                          
07 (C):                                a mauris in aliquam sem fringilla.                                                        
08 (C):                                                                                                                          
09 (C):                                                                                                                          
10 (C):                                                                                                                          
11 (C):                                                                                                                          
12 (C):                                                                                                                          
13 (C):                                                                                                                          

